ZiLOG ZNEO Macro Assembler Version 1.10 (07022203)                                               29-Mar-11     22:45:37     page:   1


PC     Object              I  Line    Source 
                           A     1    ; ZiLOG ZNEO ANSI C Compiler Release 1.11
                           A     2    ; -nolocalcse -optsize -model=S -nomodsect -noregvar
                           A     3    ; -reduceopt -debug -peephole -const=ROM -alias -fastcall
                           A     4    	FILE	"..\OSCILLATOR.C"
                           A     5    .debug "C"
                           A     6    	SEGMENT NEAR_BSS
00000000                   A     7    _osc_clock:
00000000                   A     8    	DS	4*1
                           A     9    .define "osc_clock"
                           A    10    .alias "_osc_clock"
                           A    11    .class 147
                           A    12    .value _osc_clock
                           A    13    .type 5
                           A    14    .type 0
                           A    15    .endef
                           A    16    ;    1	#include "oscillator.h"
                           A    17    ;    2	#include "uart.h"
                           A    18    ;    3	
                           A    19    ;    4	#include <zneo.h>
                           A    20    ;    5	
                           A    21    ;    6	static int osc_clock;
                           A    22    	SEGMENT CODE
                           A    23    ;    7	
                           A    24    ;    8	#define CLOCK_5_52MHZ   5520000
                           A    25    ;    9	#define CLOCK_18_432MHZ 18432000
                           A    26    ;   10	
                           A    27    ;   11	/*
                           A    28    ;   12		Unlocks the oscillator control register and selects either
                           A    29    ;   13		the 5.5 or 18.43 mHz oscillator.
                           A    30    ;   14	
                           A    31    ;   15		OSC_5_52MHZ or OSC_18_432MHZ
                           A    32    ;   16	 */
                           A    33    ;   17	void init_oscillator(int osc)
                           A    34    ;   18	{
00000000                   A    35    _init_oscillator:
                           A    36    .define "_init_oscillator"
                           A    37    .value _init_oscillator
                           A    38    .class 2
                           A    39    .type 65
                           A    40    .type 0
                           A    41    .endef
                           A    42    .begfunc "init_oscillator",18,"_init_oscillator"
                           A    43    .line 18
                           A    44    .define "osc"
                           A    45    .class 17
                           A    46    .reg 2
                           A    47    .type 5
                           A    48    .type 0
                           A    49    .endef
00000000 0800              A    50    	LINK	#0
                           A    51    ;   19		// unlock the oscillator control register
                           A    52    ;   20		OSCCTL = 0xE7; OSCCTL = 0x18;  
ZiLOG ZNEO Macro Assembler Version 1.10 (07022203)                                               29-Mar-11     22:45:37     page:   2


PC     Object              I  Line    Source oscillator.src
                           A    53    .line 20
00000002 4500 00E7         A    54    	LD	R0,#231
00000006 0350 E0A0         A    55    	LD.B	57504:RAM,R0
0000000A 3018              A    56    	LD	R0,#24
0000000C 0350 E0A0         A    57    	LD.B	57504:RAM,R0
                           A    58    ;   21	   
                           A    59    ;   22		if(osc == OSC_18_432MHZ) {                 
                           A    60    .line 22
00000010 9102              A    61    	CP	R1,#2
00000012 EE 09             A    62    	JP	NE,_1_L_1
                           A    63    ;   23			// 61 = 0110_0001 = external 18.432 Hz
                           A    64    ;   24			OSCCTL = 0x61;
                           A    65    .line 24
00000014 3061              A    66    	LD	R0,#97
00000016 0350 E0A0         A    67    	LD.B	57504:RAM,R0
                           A    68    ;   25			osc_clock = CLOCK_18_432MHZ;
                           A    69    .line 25
0000001A 4520 01194000     A    70    	LD	R0,#18432000
00000020 0370 0000         A    71    	LD	_osc_clock:RAM,R0
                           A    72    ;   26		}
                           A    73    ;   27		//default oscillator setting
                           A    74    ;   28		else {
                           A    75    .line 28
00000024 C009              A    76    	JP	_1_L_2
00000026                   A    77    _1_L_1:
                           A    78    ;   29			// A0 = 1010_0000 = internal 5.52 MHz
                           A    79    ;   30			OSCCTL = 0xA0;
                           A    80    .line 30
00000026 4500 00A0         A    81    	LD	R0,#160
0000002A 0350 E0A0         A    82    	LD.B	57504:RAM,R0
                           A    83    ;   31			osc_clock = CLOCK_5_52MHZ;
                           A    84    .line 31
0000002E 4520 00543A80     A    85    	LD	R0,#5520000
00000034 0370 0000         A    86    	LD	_osc_clock:RAM,R0
                           A    87    ;   32		}
                           A    88    ;   33	}
00000038                   A    89    _1_L_2:
                           A    90    .line 33
00000038 0001              A    91    	UNLINK	
0000003A FFFC              A    92    	RET	
                           A    93    
                           A    94    
                           A    95    ;**************************** _init_oscillator ***************************
                           A    96    ;Name                         Addr/Register   Size   Type
                           A    97    ;_osc_clock                          STATIC      4   variable
                           A    98    ;osc                                     R1      4   parameter
                           A    99    
                           A   100    
                           A   101    ; Aggregate Stack Size: 0 (words)
                           A   102    
                           A   103    
                           A   104    .endfunc "init_oscillator",33,"_init_oscillator"
ZiLOG ZNEO Macro Assembler Version 1.10 (07022203)                                               29-Mar-11     22:45:37     page:   3


PC     Object              I  Line    Source oscillator.src
                           A   105    ;   34	
                           A   106    ;   35	/*
                           A   107    ;   36	 	Return the current oscillator clockspeed in Hz.
                           A   108    ;   37	 */
                           A   109    ;   38	int get_osc_clock(void)
                           A   110    ;   39	{
0000003C                   A   111    _get_osc_clock:
                           A   112    .define "_get_osc_clock"
                           A   113    .value _get_osc_clock
                           A   114    .class 2
                           A   115    .type 69
                           A   116    .type 0
                           A   117    .endef
                           A   118    .begfunc "get_osc_clock",39,"_get_osc_clock"
0000003C 0800              A   119    	LINK	#0
                           A   120    ;   40		return osc_clock;
                           A   121    .line 40
0000003E 0340 0000         A   122    	LD	R0,_osc_clock:RAM
                           A   123    ;   41	}
                           A   124    .line 41
00000042 0001              A   125    	UNLINK	
00000044 FFFC              A   126    	RET	
                           A   127    
                           A   128    
                           A   129    ;**************************** _get_osc_clock ***************************
                           A   130    ;Name                         Addr/Register   Size   Type
                           A   131    ;_osc_clock                          STATIC      4   variable
                           A   132    
                           A   133    
                           A   134    ; Aggregate Stack Size: 0 (words)
                           A   135    
                           A   136    
                           A   137    .endfunc "get_osc_clock",41,"_get_osc_clock"
                           A   138    	SEGMENT ROM_TEXT
00000000                   A   139    L__3:
00000000 0A0A              A   140    	DB	10,10
00000002 4F736369          A   141    	DB	"Oscillator Configuration"
00000006 6C6C6174 
0000000A 6F722043 
0000000E 6F6E6669 
00000012 67757261 
00000016 74696F6E 
0000001A 0A                A   142    	DB	10
0000001B 2D2D2D2D          A   143    	DB	"------------------------"
0000001F 2D2D2D2D 
00000023 2D2D2D2D 
00000027 2D2D2D2D 
0000002B 2D2D2D2D 
0000002F 2D2D2D2D 
00000033 0A00              A   144    	DB	10,0
00000035                   A   145    L__4:
00000035 436C6F63          A   146    	DB	"Clock Speed (Hz):%d"
ZiLOG ZNEO Macro Assembler Version 1.10 (07022203)                                               29-Mar-11     22:45:37     page:   4


PC     Object              I  Line    Source oscillator.src
00000039 6B205370 
0000003D 65656420 
00000041 28487A29 3A2564 
00000048 0A00              A   147    	DB	10,0
0000004A                   A   148    L__5:
0000004A 4F534343 544C3A   A   149    	DB	"OSCCTL:"
00000051 09                A   150    	DB	9
00000052 3078252E 3258     A   151    	DB	"0x%.2X"
00000058 0A00              A   152    	DB	10,0
0000005A                   A   153    L__6:
0000005A 4F534344 49563A   A   154    	DB	"OSCDIV:"
00000061 09                A   155    	DB	9
00000062 3078252E 3258     A   156    	DB	"0x%.2X"
00000068 0A00              A   157    	DB	10,0
                           A   158    	SEGMENT CODE
                           A   159    ;   42	
                           A   160    ;   43	void osc_print_config(void)
                           A   161    ;   44	{
00000046                   A   162    _osc_print_config:
                           A   163    .define "_osc_print_config"
                           A   164    .value _osc_print_config
                           A   165    .class 2
                           A   166    .type 65
                           A   167    .type 0
                           A   168    .endef
                           A   169    .begfunc "osc_print_config",44,"_osc_print_config"
00000046 0800              A   170    	LINK	#0
                           A   171    ;   45		uart_printf("\n\nOscillator Configuration\n------------------------\n");
                           A   172    .line 45
00000048 098F 0000         A   173    	PUSH.W	#L__3
0000004C F1 FFFFD8         A   174    	CALL	_uart_printf
00000050 8F02              A   175    	ADD	R15,#2
                           A   176    ;   46		uart_printf("Clock Speed (Hz):%d\n", osc_clock);
                           A   177    .line 46
00000052 0340 0000         A   178    	LD	R0,_osc_clock:RAM
00000056 100F              A   179    	PUSH	R0
00000058 098F 0035         A   180    	PUSH.W	#L__4
0000005C F1 FFFFD0         A   181    	CALL	_uart_printf
00000060 8F06              A   182    	ADD	R15,#6
                           A   183    ;   47		uart_printf("OSCCTL:\t0x%.2X\n", OSCCTL);
                           A   184    .line 47
00000062 0300 E0A0         A   185    	LD.UB	R0,57504:RAM
00000066 100F              A   186    	PUSH	R0
00000068 098F 004A         A   187    	PUSH.W	#L__5
0000006C F1 FFFFC8         A   188    	CALL	_uart_printf
00000070 8F06              A   189    	ADD	R15,#6
                           A   190    ;   48		uart_printf("OSCDIV:\t0x%.2X\n", OSCDIV);
                           A   191    .line 48
00000072 0300 E0A1         A   192    	LD.UB	R0,57505:RAM
00000076 100F              A   193    	PUSH	R0
00000078 098F 005A         A   194    	PUSH.W	#L__6
0000007C F1 FFFFC0         A   195    	CALL	_uart_printf
ZiLOG ZNEO Macro Assembler Version 1.10 (07022203)                                               29-Mar-11     22:45:37     page:   5


PC     Object              I  Line    Source oscillator.src
00000080 8F06              A   196    	ADD	R15,#6
                           A   197    ;   49	}
                           A   198    .line 49
00000082 0001              A   199    	UNLINK	
00000084 FFFC              A   200    	RET	
                           A   201    
                           A   202    
                           A   203    ;**************************** _osc_print_config ***************************
                           A   204    ;Name                         Addr/Register   Size   Type
                           A   205    ;_osc_clock                          STATIC      4   variable
                           A   206    ;_uart_printf                        IMPORT  -----   function
                           A   207    
                           A   208    
                           A   209    ; Aggregate Stack Size: 0 (words)
                           A   210    
                           A   211    
                           A   212    .endfunc "osc_print_config",49,"_osc_print_config"
                           A   213    	XREF _uart_printf:EROM
                           A   214    	XDEF _osc_print_config
                           A   215    	XDEF _get_osc_clock
                           A   216    	XDEF _init_oscillator
                           A   217    	END


Errors: 0
Warnings: 0
Lines Assembled: 218
